{
  "apply_result": {
    "applied": false,
    "code": "forbidden",
    "details": {
      "group_id": "group:m3:negative",
      "signer": "@m3_member"
    },
    "reason": "group_post_authority_required",
    "state_copy_unchanged": true
  },
  "authoritative_database_mutated": false,
  "consensus_transactions_admitted": 0,
  "fixture": {
    "expected_error_code": "group_post_authority_required",
    "label": "nonmember_group_write_rejected",
    "subject_id": "group:m3:negative",
    "tx_type": "CONTENT_POST_CREATE"
  },
  "implementation_freeze_commit": "4ca0e13e1e4838b8816e977e33f8dd82fae3b7c5",
  "ledger": {
    "block_id": "0e4072afc97d65a6aed66d2c7d7fdb253d991d6cd7c220667355e060c9db953c",
    "confirmed_transaction_count": 511,
    "height": 988,
    "mempool_count": 0
  },
  "mempool_transactions_admitted": 0,
  "probe_actor": {
    "account": "@m3_member",
    "nonce": 14,
    "poh_tier": 2,
    "role": "member_reporter_voter"
  },
  "recorded_at_utc": "2026-07-29T23:20:33Z",
  "schema_version": 1,
  "signed_envelope": {
    "private_material_included": false,
    "sig_profile": "pq-mldsa-v1",
    "signature_verified": true,
    "tx_id": "tx:f5342c7c26cc8ee9a5c046daf7570aa131116ac5bbd626506962782d9aaff05c"
  },
  "status": "m3_signed_apply_group_authority_verified"
}
{
  "authoritative_database_mutated": false,
  "consensus_transactions_admitted": 0,
  "implementation_freeze_commit": "4ca0e13e1e4838b8816e977e33f8dd82fae3b7c5",
  "ledger": {
    "block_id": "0e4072afc97d65a6aed66d2c7d7fdb253d991d6cd7c220667355e060c9db953c",
    "confirmed_transaction_count": 511,
    "height": 988,
    "mempool_count": 0
  },
  "mempool_transactions_admitted": 0,
  "proof_labels": [
    "nonselected_reviewer_vote_rejected",
    "conflicted_reviewer_vote_rejected",
    "duplicate_dispute_ballot_rejected",
    "replacement_dispute_ballot_rejected"
  ],
  "proofs": {
    "conflicted_reviewer_vote_rejected": {
      "apply_result": {
        "applied": false,
        "code": "forbidden",
        "details": {
          "juror": "@m3_author",
          "target_owner": "@m3_author"
        },
        "reason": "juror_conflict_target_owner",
        "state_copy_unchanged": true
      },
      "fixture": {
        "account": "@m3_author",
        "expected_error_code": "juror_conflict_target_owner",
        "label": "conflicted_reviewer_vote_rejected",
        "precondition_tx_id": null,
        "role": "author_proposer",
        "subject_id": "dispute:content:9c6b1bc76b2b3c6985196fa4620df47f8bba53c32ab1a45d1d75a82e56ed2aad",
        "tx_type": "DISPUTE_VOTE_SUBMIT"
      },
      "probe_actor": {
        "account": "@m3_author",
        "nonce": 20,
        "poh_tier": 2,
        "role": "author_proposer"
      },
      "signed_envelope": {
        "private_material_included": false,
        "sig_profile": "pq-mldsa-v1",
        "signature_verified": true,
        "tx_id": "tx:e2cc85c139f3ec61cc1ee172eeac243a2a0d4e6f0663b134a0a27360a4c0d0f7"
      }
    },
    "duplicate_dispute_ballot_rejected": {
      "apply_result": {
        "applied": false,
        "code": "conflict",
        "details": {
          "dispute_id": "dispute:content:9c6b1bc76b2b3c6985196fa4620df47f8bba53c32ab1a45d1d75a82e56ed2aad",
          "juror": "@m3_original_01",
          "stage": "juror_review"
        },
        "reason": "dispute_ballot_already_final",
        "state_copy_unchanged": true
      },
      "fixture": {
        "account": "@m3_original_01",
        "expected_error_code": "dispute_ballot_already_final",
        "label": "duplicate_dispute_ballot_rejected",
        "precondition_tx_id": "tx:6f9dd0fbb4e2a8a0c03bf41e002a7827d785707accf54d06afc3ae8e48347d91",
        "role": "reviewer_original_01",
        "subject_id": "dispute:content:9c6b1bc76b2b3c6985196fa4620df47f8bba53c32ab1a45d1d75a82e56ed2aad",
        "tx_type": "DISPUTE_VOTE_SUBMIT"
      },
      "probe_actor": {
        "account": "@m3_original_01",
        "nonce": 16,
        "poh_tier": 2,
        "role": "reviewer_original_01"
      },
      "signed_envelope": {
        "private_material_included": false,
        "sig_profile": "pq-mldsa-v1",
        "signature_verified": true,
        "tx_id": "tx:9adf95361f92b059b6b8778c812f0855f441f25a6b30af47222b41795402be38"
      }
    },
    "nonselected_reviewer_vote_rejected": {
      "apply_result": {
        "applied": false,
        "code": "forbidden",
        "details": {
          "dispute_id": "dispute:content:9c6b1bc76b2b3c6985196fa4620df47f8bba53c32ab1a45d1d75a82e56ed2aad",
          "juror": "@m3_appeal_01"
        },
        "reason": "juror_not_assigned",
        "state_copy_unchanged": true
      },
      "fixture": {
        "account": "@m3_appeal_01",
        "expected_error_code": "juror_not_assigned",
        "label": "nonselected_reviewer_vote_rejected",
        "precondition_tx_id": null,
        "role": "reviewer_appeal_01",
        "subject_id": "dispute:content:9c6b1bc76b2b3c6985196fa4620df47f8bba53c32ab1a45d1d75a82e56ed2aad",
        "tx_type": "DISPUTE_VOTE_SUBMIT"
      },
      "probe_actor": {
        "account": "@m3_appeal_01",
        "nonce": 13,
        "poh_tier": 2,
        "role": "reviewer_appeal_01"
      },
      "signed_envelope": {
        "private_material_included": false,
        "sig_profile": "pq-mldsa-v1",
        "signature_verified": true,
        "tx_id": "tx:66ed6fe9c66de3e2ab5e8a0837829c787781f785efa40c749b10e48df79c7fa8"
      }
    },
    "replacement_dispute_ballot_rejected": {
      "apply_result": {
        "applied": false,
        "code": "conflict",
        "details": {
          "dispute_id": "dispute:content:9c6b1bc76b2b3c6985196fa4620df47f8bba53c32ab1a45d1d75a82e56ed2aad",
          "juror": "@m3_original_01",
          "stage": "juror_review"
        },
        "reason": "dispute_ballot_already_final",
        "state_copy_unchanged": true
      },
      "fixture": {
        "account": "@m3_original_01",
        "expected_error_code": "dispute_ballot_already_final",
        "label": "replacement_dispute_ballot_rejected",
        "precondition_tx_id": "tx:6f9dd0fbb4e2a8a0c03bf41e002a7827d785707accf54d06afc3ae8e48347d91",
        "role": "reviewer_original_01",
        "subject_id": "dispute:content:9c6b1bc76b2b3c6985196fa4620df47f8bba53c32ab1a45d1d75a82e56ed2aad",
        "tx_type": "DISPUTE_VOTE_SUBMIT"
      },
      "probe_actor": {
        "account": "@m3_original_01",
        "nonce": 16,
        "poh_tier": 2,
        "role": "reviewer_original_01"
      },
      "signed_envelope": {
        "private_material_included": false,
        "sig_profile": "pq-mldsa-v1",
        "signature_verified": true,
        "tx_id": "tx:4d74ef5e64c37d771294112dbb8e514745edb1c796c3e5cb919a5cd72d53e304"
      }
    }
  },
  "recorded_at_utc": "2026-07-29T23:20:33Z",
  "schema_version": 1,
  "status": "m3_signed_apply_dispute_negative_proofs_verified"
}
{
  "authoritative_database_mutated": false,
  "consensus_transactions_admitted": 0,
  "implementation_freeze_commit": "4ca0e13e1e4838b8816e977e33f8dd82fae3b7c5",
  "ledger": {
    "block_id": "0e4072afc97d65a6aed66d2c7d7fdb253d991d6cd7c220667355e060c9db953c",
    "confirmed_transaction_count": 511,
    "height": 988,
    "mempool_count": 0
  },
  "mempool_transactions_admitted": 0,
  "proof_labels": [
    "duplicate_governance_vote_rejected",
    "replacement_governance_vote_rejected",
    "governance_revoke_rejected",
    "nonowner_appeal_rejected"
  ],
  "proofs": {
    "duplicate_governance_vote_rejected": {
      "apply_result": {
        "applied": false,
        "code": "conflict",
        "details": {
          "electorate_round": 1,
          "proposal_id": "proposal:m3:negative",
          "signer": "@m3_member"
        },
        "reason": "ballot_already_final",
        "state_copy_unchanged": true
      },
      "fixture": {
        "account": "@m3_member",
        "expected_error_code": "ballot_already_final",
        "label": "duplicate_governance_vote_rejected",
        "precondition_tx_id": "tx:7827b423d49fb4e36780a31af5c40a12efdc540dd58daad54503b6170af99f4c",
        "role": "member_reporter_voter",
        "subject_id": "proposal:m3:negative",
        "tx_type": "GOV_VOTE_CAST"
      },
      "precondition_reconstruction": {
        "kind": "canonical_final_state",
        "used": false
      },
      "probe_actor": {
        "account": "@m3_member",
        "nonce": 14,
        "poh_tier": 2,
        "role": "member_reporter_voter"
      },
      "signed_envelope": {
        "private_material_included": false,
        "sig_profile": "pq-mldsa-v1",
        "signature_verified": true,
        "tx_id": "tx:f945bd2b14b6c53cf676c3522eb6bf4f39ec085218b979d91812b94cff4c81da"
      }
    },
    "governance_revoke_rejected": {
      "apply_result": {
        "applied": false,
        "code": "forbidden",
        "details": {
          "proposal_id": "proposal:m3:negative",
          "stage": "voting"
        },
        "reason": "ballot_revocation_forbidden",
        "state_copy_unchanged": true
      },
      "fixture": {
        "account": "@m3_member",
        "expected_error_code": "ballot_revocation_forbidden",
        "label": "governance_revoke_rejected",
        "precondition_tx_id": "tx:7827b423d49fb4e36780a31af5c40a12efdc540dd58daad54503b6170af99f4c",
        "role": "member_reporter_voter",
        "subject_id": "proposal:m3:negative",
        "tx_type": "GOV_VOTE_REVOKE"
      },
      "precondition_reconstruction": {
        "kind": "canonical_final_state",
        "used": false
      },
      "probe_actor": {
        "account": "@m3_member",
        "nonce": 14,
        "poh_tier": 2,
        "role": "member_reporter_voter"
      },
      "signed_envelope": {
        "private_material_included": false,
        "sig_profile": "pq-mldsa-v1",
        "signature_verified": true,
        "tx_id": "tx:1221c29e122e9b1dff5993066c6d38a7bdaea1d8928c2432c2f482309ef40f6e"
      }
    },
    "nonowner_appeal_rejected": {
      "apply_result": {
        "applied": false,
        "code": "forbidden",
        "details": {
          "allowed_accounts": [
            "@m3_author"
          ],
          "dispute_id": "dispute:SYSTEM:0",
          "signer": "@m3_member"
        },
        "reason": "appeal_not_target_owner",
        "state_copy_unchanged": true
      },
      "fixture": {
        "account": "@m3_member",
        "expected_error_code": "appeal_not_target_owner",
        "label": "nonowner_appeal_rejected",
        "precondition_tx_id": null,
        "role": "member_reporter_voter",
        "subject_id": "dispute:SYSTEM:0",
        "tx_type": "DISPUTE_APPEAL"
      },
      "precondition_reconstruction": {
        "canonical_identity_and_owner_fields_preserved": true,
        "dispute_id": "dispute:SYSTEM:0",
        "kind": "fixture_scoped_appeal_window_precondition",
        "original_procedural_fields": {
          "appeal_count": 1,
          "appeal_deadline_height": 1006,
          "stage": "finalized"
        },
        "purpose": "Reach the target-owner authorization branch without mutating the authoritative database or submitting an apply-only appeal to mempool.",
        "reconstructed_procedural_fields": {
          "appeal_deadline_height": 989,
          "appeals": [],
          "stage": "appeal_window"
        },
        "used": true
      },
      "probe_actor": {
        "account": "@m3_member",
        "nonce": 14,
        "poh_tier": 2,
        "role": "member_reporter_voter"
      },
      "signed_envelope": {
        "private_material_included": false,
        "sig_profile": "pq-mldsa-v1",
        "signature_verified": true,
        "tx_id": "tx:852f976edc62df84fc21f759f9e266d1de4c54fede6149b974889aee67fbac45"
      }
    },
    "replacement_governance_vote_rejected": {
      "apply_result": {
        "applied": false,
        "code": "conflict",
        "details": {
          "electorate_round": 1,
          "proposal_id": "proposal:m3:negative",
          "signer": "@m3_member"
        },
        "reason": "ballot_already_final",
        "state_copy_unchanged": true
      },
      "fixture": {
        "account": "@m3_member",
        "expected_error_code": "ballot_already_final",
        "label": "replacement_governance_vote_rejected",
        "precondition_tx_id": "tx:7827b423d49fb4e36780a31af5c40a12efdc540dd58daad54503b6170af99f4c",
        "role": "member_reporter_voter",
        "subject_id": "proposal:m3:negative",
        "tx_type": "GOV_VOTE_CAST"
      },
      "precondition_reconstruction": {
        "kind": "canonical_final_state",
        "used": false
      },
      "probe_actor": {
        "account": "@m3_member",
        "nonce": 14,
        "poh_tier": 2,
        "role": "member_reporter_voter"
      },
      "signed_envelope": {
        "private_material_included": false,
        "sig_profile": "pq-mldsa-v1",
        "signature_verified": true,
        "tx_id": "tx:93df62500e13666e413829f92b77569fd8f67c136b63e9dbc0c9c1dc7ef45a74"
      }
    }
  },
  "recorded_at_utc": "2026-07-29T23:20:34Z",
  "schema_version": 1,
  "status": "m3_signed_apply_remaining_negative_proofs_verified"
}
OK: M3 actor manifest validated with 21 actors and 18 reviewers

> weall-web@0.1.0 test:m3-civic-governance-real-stack
> playwright test tests/e2e/m3_civic_governance_real_stack.spec.ts


Running 1 test using 1 worker

  ✓  1 [chromium] › tests/e2e/m3_civic_governance_real_stack.spec.ts:386:1 › M3 independent actors complete the signed civic and governance journey (16.1s)

  1 passed (17.5s)

To open last HTML report run:
[36m[39m
[36m  npx playwright show-report[39m
[36m[39m
OK: M3 signed real-stack actor journey passed
