{
  "commands": {
    "node": "v22.22.2",
    "npm": "10.9.7"
  },
  "failures": [],
  "mldsa_import": true,
  "ok": true,
  "packages": {
    "cryptography": {
      "installed": "48.0.1",
      "minimum": "48.0.1",
      "ok": true
    },
    "fastapi": {
      "installed": "0.139.2",
      "minimum": "0.139.2",
      "ok": true
    },
    "pytest": {
      "installed": "9.0.3",
      "minimum": "8.0.0",
      "ok": true
    }
  },
  "python": "3.12.3",
  "schema": "weall.m3.dependency-preflight.v1"
}
