==> Node 1
{
  "chain_id": "weall-controlled-devnet",
  "height": 4,
  "protocol_profile_hash": "a155300bfec3f3339b49cbe80e61223ec1be1cbed695114cd4438d10075f4eb6",
  "schema_version": "1",
  "state_root": "5850b33c24ab0dfe3685ebf5cb8837d9f0aeee5e91a2e9500c242eae1d950fe0",
  "tip_hash": "8ffe5dbe9c61041590385c2fa8c4c5b521978d8b3022274128e548d3f1b6b29c",
  "tx_index_hash": "89fa58d29c9980caf01ccb03eee89f3006e7693804d53865e1ffc4039cedbb69"
}
==> Node 2
{
  "chain_id": "weall-controlled-devnet",
  "height": 4,
  "protocol_profile_hash": "a155300bfec3f3339b49cbe80e61223ec1be1cbed695114cd4438d10075f4eb6",
  "schema_version": "1",
  "state_root": "5850b33c24ab0dfe3685ebf5cb8837d9f0aeee5e91a2e9500c242eae1d950fe0",
  "tip_hash": "8ffe5dbe9c61041590385c2fa8c4c5b521978d8b3022274128e548d3f1b6b29c",
  "tx_index_hash": "89fa58d29c9980caf01ccb03eee89f3006e7693804d53865e1ffc4039cedbb69"
}
==> OK: node chain manifests are valid and current
==> OK: node identities, tips, and state roots match
==> Node 1
{
  "chain_id": "weall-controlled-devnet",
  "height": 4,
  "protocol_profile_hash": "a155300bfec3f3339b49cbe80e61223ec1be1cbed695114cd4438d10075f4eb6",
  "schema_version": "1",
  "state_root": "5850b33c24ab0dfe3685ebf5cb8837d9f0aeee5e91a2e9500c242eae1d950fe0",
  "tip_hash": "8ffe5dbe9c61041590385c2fa8c4c5b521978d8b3022274128e548d3f1b6b29c",
  "tx_index_hash": "89fa58d29c9980caf01ccb03eee89f3006e7693804d53865e1ffc4039cedbb69"
}
==> Node 2
{
  "chain_id": "weall-controlled-devnet",
  "height": 4,
  "protocol_profile_hash": "a155300bfec3f3339b49cbe80e61223ec1be1cbed695114cd4438d10075f4eb6",
  "schema_version": "1",
  "state_root": "5850b33c24ab0dfe3685ebf5cb8837d9f0aeee5e91a2e9500c242eae1d950fe0",
  "tip_hash": "8ffe5dbe9c61041590385c2fa8c4c5b521978d8b3022274128e548d3f1b6b29c",
  "tx_index_hash": "89fa58d29c9980caf01ccb03eee89f3006e7693804d53865e1ffc4039cedbb69"
}
==> OK: node chain manifests are valid and current
==> OK: node identities, tips, and state roots match
==> Node 1
{
  "chain_id": "weall-controlled-devnet",
  "height": 5,
  "protocol_profile_hash": "a155300bfec3f3339b49cbe80e61223ec1be1cbed695114cd4438d10075f4eb6",
  "schema_version": "1",
  "state_root": "c0138ca34cfd05b0541bcf4819d7b3fc9fa3eb90d9096abcac72f68367ee55cb",
  "tip_hash": "f5eb117a1fa55b71c4283c42c224e825f22b663f374787178ad4985d5bbc4715",
  "tx_index_hash": "89fa58d29c9980caf01ccb03eee89f3006e7693804d53865e1ffc4039cedbb69"
}
==> Node 2
{
  "chain_id": "weall-controlled-devnet",
  "height": 5,
  "protocol_profile_hash": "a155300bfec3f3339b49cbe80e61223ec1be1cbed695114cd4438d10075f4eb6",
  "schema_version": "1",
  "state_root": "c0138ca34cfd05b0541bcf4819d7b3fc9fa3eb90d9096abcac72f68367ee55cb",
  "tip_hash": "f5eb117a1fa55b71c4283c42c224e825f22b663f374787178ad4985d5bbc4715",
  "tx_index_hash": "89fa58d29c9980caf01ccb03eee89f3006e7693804d53865e1ffc4039cedbb69"
}
==> OK: node chain manifests are valid and current
==> OK: node identities, tips, and state roots match
